// Jest Snapshot v1, https://goo.gl/fbAQLP

exports[`<InputButton /> should render 1`] = `
.c0 {
  width: 100%;
  height: 50px;
  margin-top: 20px;
  background: #ffc632;
  color: #191816;
  font-size: 18px;
  font-weight: 600;
  border: none;
  border-radius: 4px;
}

<div>
  <button
    class="c0"
  >
    ENTRAR
  </button>
</div>
`;
