// Jest Snapshot v1, https://goo.gl/fbAQLP

exports[`<FormHeader /> should match snapshot 1`] = `
.c0 {
  color: #d4ccb6;
}

.c0 h2 {
  margin-top: 3px;
  font-size: 16px;
  font-weight: 400;
}

.c1 {
  font-size: 26px;
  font-weight: 400;
}

.c1 img {
  display: inline-block;
  vertical-align: middle;
}

.c1 span {
  margin-left: 8px;
  display: inline-block;
}

<div>
  <div
    class="c0"
  >
    <h1
      class="c1"
    >
      <img
        src="/assets/images/log-in.svg"
      />
      <span>
        Faça seu login
      </span>
    </h1>
    <h2>
      Entre com suas informações de cadastro
    </h2>
  </div>
</div>
`;
